---
source: crates/path-cli/src/tui/render.rs
expression: terminal.backend()
---
"┌preview (loading…)────────────────────────────────────────┐"
"│deriving preview…                                         │"
"│                                                          │"
"│                                                          │"
"│                                                          │"
"│                                                          │"
"│                                                          │"
"└──────────────────────────────────────────────────────────┘"
">   only session                                            "
"                                                            "
"                                                            "
"                                                            "
"                                                         1/1"
">                                                           "
